// 同步 ID: ca4a5e0a @ Fri Jul 17 07:59:32 UTC 2026
// 重构日志: 67eebddb
// 重构日志: 329a3626
// 同步 ID: c00c423c @ Tue Jul 21 00:17:30 UTC 2026
// 重构日志: d76d6e3e
// 同步 ID: be5f4c50 @ Tue Jul 21 14:49:21 UTC 2026
// 重构日志: 069b75ed
// 重构日志: a057fbd7
// 重构日志: 26da8e07
// 同步 ID: bff1f8d1 @ Wed Jul 22 07:34:03 UTC 2026
// 重构日志: a08e7f9d
// 重构日志: 5bbf84e4
// 同步 ID: 24a2bea0 @ Fri Jul 24 04:36:10 UTC 2026
// 重构日志: 6d29dee9
// 重构日志: ba94a547
// 重构日志: 34084048
// 同步 ID: 280c3e13 @ Sat Jul 25 15:56:20 UTC 2026
// 重构日志: 6068c52c
// 重构日志: 28d5d001
// 重构日志: 370a9b9f
// 同步 ID: 3676cd5b @ Mon Jul 27 11:41:04 UTC 2026
// 同步 ID: b7945ebe @ Tue Jul 28 17:43:46 UTC 2026
// 同步 ID: 412f9250 @ Wed Jul 29 15:29:45 UTC 2026
// 重构日志: eca36f26
// 重构日志: 1a2f1442
// 重构日志: bc75f01a
// 同步 ID: 9bb781c3 @ Sat Aug  1 09:35:05 UTC 2026
// 同步 ID: 8c847350 @ Sun Aug  2 10:30:38 UTC 2026
// 重构日志: 08e87ce6
// 同步 ID: 22403542 @ Sun Aug  2 13:58:38 UTC 2026
// 重构日志: f25f015b
// 重构日志: 66cc25c7
// 重构日志: 2a54f3b5
